#0 building with "desktop-linux" instance using docker driver

#1 [internal] load build definition from Dockerfile
#1 transferring dockerfile: 1.90kB done
#1 DONE 0.0s

#2 [internal] load metadata for docker.io/library/python:3.13.15-alpine3.24@sha256:79e7a9b9ff1cbceff819f856fb374477792a5967759d94df266de7b7b4120e6f
#2 DONE 0.0s

#3 [internal] load metadata for docker.io/library/node:24.21.0-alpine3.24@sha256:ebfe2f90462722a7a4de65e91990e97fe0d401c70e0e762c5b53302f905ec1c1
#3 DONE 0.0s

#4 [internal] load .dockerignore
#4 transferring context: 421B done
#4 DONE 0.0s

#5 [dependencies 1/3] FROM docker.io/library/python:3.13.15-alpine3.24@sha256:79e7a9b9ff1cbceff819f856fb374477792a5967759d94df266de7b7b4120e6f
#5 DONE 0.0s

#6 [frontend 1/6] FROM docker.io/library/node:24.21.0-alpine3.24@sha256:ebfe2f90462722a7a4de65e91990e97fe0d401c70e0e762c5b53302f905ec1c1
#6 DONE 0.0s

#7 [internal] load build context
#7 transferring context: 6.81MB 0.1s done
#7 DONE 0.1s

#8 [frontend 3/6] COPY frontend/package*.json ./
#8 CACHED

#9 [frontend 4/6] RUN npm ci --ignore-scripts && npm rebuild esbuild
#9 CACHED

#10 [frontend 2/6] WORKDIR /build
#10 CACHED

#11 [frontend 5/6] COPY frontend/ ./
#11 CACHED

#12 [frontend 6/6] RUN npm run build
#12 CACHED

#13 [stage-2  2/14] WORKDIR /srv/sentinelflow
#13 CACHED

#14 [dependencies 3/3] RUN python -m pip install --no-cache-dir --require-hashes --target /opt/python -r /build/requirements-runtime.lock
#14 CACHED

#15 [stage-2  5/14] COPY requirements-runtime.lock pyproject.toml ./
#15 CACHED

#16 [dependencies 2/3] COPY requirements-runtime.lock /build/requirements-runtime.lock
#16 CACHED

#17 [stage-2  4/14] COPY --from=dependencies /opt/python /opt/python
#17 CACHED

#18 [stage-2  3/14] RUN python -m pip uninstall --yes pip     && rm -rf /usr/local/lib/python3.13/ensurepip     && addgroup -g 10001 sentinel     && adduser -D -u 10001 -G sentinel sentinel
#18 CACHED

#19 [stage-2  6/14] COPY backend/app ./backend/app
#19 CACHED

#20 [stage-2  7/14] COPY scripts ./scripts
#20 DONE 0.0s

#21 [stage-2  8/14] COPY rules ./rules
#21 DONE 0.0s

#22 [stage-2  9/14] COPY test-data ./test-data
#22 DONE 0.0s

#23 [stage-2 10/14] COPY docs ./docs
#23 DONE 0.0s

#24 [stage-2 11/14] COPY README.md LICENSE ./
#24 DONE 0.0s

#25 [stage-2 12/14] COPY --from=frontend /build/dist ./frontend/dist
#25 DONE 0.0s

#26 [stage-2 13/14] COPY --from=frontend /build/public/favicon.svg ./frontend/public/favicon.svg
#26 DONE 0.0s

#27 [stage-2 14/14] RUN mkdir -p data artifacts && chown sentinel:sentinel data artifacts
#27 DONE 0.1s

#28 exporting to image
#28 exporting layers 0.0s done
#28 writing image sha256:69b32fc8ceafe8edeb6971df88ee5d16a9bf69769d881977c451c6876c937b00 done
#28 naming to docker.io/library/sentinelflow-security:application done
#28 DONE 0.1s
