               
               
┌─────────────┐
│ Scan Status │
└─────────────┘
  Scanning 195 files with 602 Code rules:
                                                                                                                        
  Language      Rules   Files          Origin      Rules                                                                
 ─────────────────────────────        ───────────────────                                                               
  <multilang>      40     195          Community     602                                                                
  python          151     111                                                                                           
  ts               74      56                                                                                           
  js               68       7                                                                                           
  json              3       6                                                                                           
  html              1       1                                                                                           
                                                                                                                        
                
                
┌──────────────┐
│ Scan Summary │
└──────────────┘
✅ Scan completed successfully.
 • Findings: 2 (2 blocking)
 • Rules run: 269
 • Targets scanned: 195
 • Parsed lines: ~100.0%
 • Scan skipped: 
   ◦ Files larger than  files 1.0 MB: 1
 • For a detailed list of skipped files and lines, run semgrep with the --verbose flag
Ran 269 rules on 195 files: 2 findings.
